<form role="form" name="foobarbaz" novalidate ng-init="foobarbaz.sent = false;" ng-submit="foobarbaz.sent = true; foobarbaz.$setPristine(); foobarbaz.$valid && submit();" autocomplete="off">
<fieldset>

  <div class="form-group">

    <div>
      <input type="text" placeholder="" class="form-control" name="f2foo" id="f2foo" ng-model="data.foo">
    </div>

  </div>

</fieldset>
</form>
