<form role="form" name="f3" novalidate ng-init="f3.sent = false;" ng-submit="f3.sent = true; f3.$setPristine(); f3.$valid && submit();" autocomplete="off">

  <div class="form-group">

    <div>
      <input type="text" placeholder="" class="form-control" name="f3foo" id="f3foo" ng-model="data.foo">
    </div>

  </div>

</form>
